
  VITE v8.2.1  ready in 302 ms

  ➜  Local:   http://localhost:5173/
  ➜  Network: use --host to expose
  ➜  press h + enter to show help
5:26:33 PM [vite] (client) page reload src/App.jsx
5:26:33 PM [vite] (client) page reload src/components/Pagination.jsx
5:34:43 PM [vite] (client) page reload src/pages/Dashboard.jsx
5:34:43 PM [vite] (client) page reload src/pages/DataSensor.jsx
5:34:43 PM [vite] (client) page reload src/pages/ActionHistory.jsx
5:34:43 PM [vite] (client) page reload src/services/api.js
5:34:43 PM [vite] (client) page reload src/components/DeviceControl.jsx
5:34:43 PM [vite] (client) page reload src/utils/dateTime.js
5:34:43 PM [vite] (client) page reload src/pages/Profile.jsx
5:34:43 PM [vite] (client) page reload src/pages/Login.jsx
5:34:43 PM [vite] (client) page reload src/services/realtime.js
5:34:43 PM [vite] (client) hmr update /src/styles.css
5:34:43 PM [vite] (client) page reload src/components/Pagination.jsx
5:34:43 PM [vite] (client) page reload src/components/Layout.jsx
5:34:43 PM [vite] (client) page reload src/components/ProtectedRoute.jsx
5:36:03 PM [vite] (client) page reload src/services/realtime.js
